// Jest Snapshot v1, https://goo.gl/fbAQLP

exports[`ColorContainer component renders ColorContainer 1`] = `
<ColorContainer>
  <ColorDisplay
    backgroundColor="black"
  >
    <div
      style={
        Object {
          "backgroundColor": "black",
          "height": "100px",
          "width": "100px",
        }
      }
    />
  </ColorDisplay>
  <ColorPicker
    colors={
      Array [
        "red",
        "green",
        "black",
        "yellow",
      ]
    }
    selectColor={[Function]}
  >
    <button
      key="red"
      onClick={[Function]}
    >
      red
    </button>
    <button
      key="green"
      onClick={[Function]}
    >
      green
    </button>
    <button
      key="black"
      onClick={[Function]}
    >
      black
    </button>
    <button
      key="yellow"
      onClick={[Function]}
    >
      yellow
    </button>
  </ColorPicker>
</ColorContainer>
`;
